2025-08-21 12:23:36,082 main ERROR appender Sentry has no parameter that matches element PatternLayout
